
> tamarindo-escmb@0.0.0 build
> ng build

node.exe : [1m[33m[ba
seline-browser-mapping]
 The data in this 
module is over two 
months old.  To ensure 
accurate Baseline 
data, please update: 
`npm i baseline-browser
-mapping@latest 
-D`[39m[22m
En línea: 1 Carácter: 1
+ & "C:\Program 
Files\nodejs/node.exe" 
"C:\Users\alans\AppData
\Roaming\ ...
+ ~~~~~~~~~~~~~~~~~~~~~
~~~~~~~~~~~~~~~~~~~~~~~
~~~~~~~~~~~~~~~~~~~~~~~
~~
    + CategoryInfo     
         : NotSpecifi  
  ed: ([1m[33m[bas   
 el...t -D`[39m[2    
2m:String) [], Rem    
oteException
    + FullyQualifiedEr 
   rorId : NativeComm  
  andError
 
[33mÔØ»[39m Building...
[32mÔ£ö[39m Building...
Application bundle generation failed. [7.220 seconds] - 2026-03-08T19:57:32.194Z

[1m[33m[33mÔû▓ [43;
33m[[43;30mWARNING[43
;33m][0m [1mNG8107: 
The left side of this 
optional chain 
operation does not 
include 'null' or 
'undefined' in its 
type, therefore the 
'?.' operator can be 
replaced with the '.' 
operator.[0m 
[1m[35m[plugin 
angular-compiler][0m

    src/app/modules/cli
entes/cliente-detalle-m
odal/cliente-detalle-mo
dal.component.ts:45:32:
[37m      45 Ôöé      
               {{ clien
te?.[32mtipoCliente[3
7m }}
         ÔòÁ           
                      
[32m~~~~~~~~~~~[0m


[33mÔû▓ [43;33m[[43;
30mWARNING[43;33m][0m
 [1mNG8107: The left 
side of this optional 
chain operation does 
not include 'null' or 
'undefined' in its 
type, therefore the 
'?.' operator can be 
replaced with the '.' 
operator.[0m 
[1m[35m[plugin 
angular-compiler][0m

    src/app/modules/cli
entes/cliente-detalle-m
odal/cliente-detalle-mo
dal.component.ts:64:47:
[37m      64 Ôöé      
           <div 
class="valor">{{ client
e?.[32mnombre[37m || 
'-' }}</div>
         ÔòÁ           
                       
              
[32m~~~~~~[0m


[33mÔû▓ [43;33m[[43;
30mWARNING[43;33m][0m
 [1mNG8107: The left 
side of this optional 
chain operation does 
not include 'null' or 
'undefined' in its 
type, therefore the 
'?.' operator can be 
replaced with the '.' 
operator.[0m 
[1m[35m[plugin 
angular-compiler][0m

    src/app/modules/cli
entes/cliente-detalle-m
odal/cliente-detalle-mo
dal.component.ts:68:47:
[37m      68 Ôöé ...  
         <div 
class="valor">{{ client
e?.[32mapellido[37m 
|| '-' }}</div>
         ÔòÁ           
                       
            
[32m~~~~~~~~[0m


[33mÔû▓ [43;33m[[43;
30mWARNING[43;33m][0m
 [1mNG8107: The left 
side of this optional 
chain operation does 
not include 'null' or 
'undefined' in its 
type, therefore the 
'?.' operator can be 
replaced with the '.' 
operator.[0m 
[1m[35m[plugin 
angular-compiler][0m

    src/app/modules/cli
entes/cliente-detalle-m
odal/cliente-detalle-mo
dal.component.ts:72:47:
[37m      72 Ôöé ...  
    <div 
class="valor">{{ client
e?.[32mtipoDocumento[
37m || '-' }}</div>
         ÔòÁ           
                       
       
[32m~~~~~~~~~~~~~[0m


[33mÔû▓ [43;33m[[43;
30mWARNING[43;33m][0m
 [1mNG8107: The left 
side of this optional 
chain operation does 
not include 'null' or 
'undefined' in its 
type, therefore the 
'?.' operator can be 
replaced with the '.' 
operator.[0m 
[1m[35m[plugin 
angular-compiler][0m

    src/app/modules/cli
entes/cliente-detalle-m
odal/cliente-detalle-mo
dal.component.ts:76:47:
[37m      76 Ôöé ...  
  <div 
class="valor">{{ client
e?.[32mnumeroDocumento
[37m || '-' }}</div>
         ÔòÁ           
                       
     [32m~~~~~~~~~~~~~
~~[0m


[33mÔû▓ [43;33m[[43;
30mWARNING[43;33m][0m
 [1mNG8107: The left 
side of this optional 
chain operation does 
not include 'null' or 
'undefined' in its 
type, therefore the 
'?.' operator can be 
replaced with the '.' 
operator.[0m 
[1m[35m[plugin 
angular-compiler][0m

    src/app/modules/cli
entes/cliente-detalle-m
odal/cliente-detalle-mo
dal.component.ts:93:47:
[37m      93 Ôöé ...  
      <div 
class="valor">{{ client
e?.[32mrazonSocial[37
m || '-' }}</div>
         ÔòÁ           
                       
         
[32m~~~~~~~~~~~[0m


[33mÔû▓ [43;33m[[43;
30mWARNING[43;33m][0m
 [1mNG8107: The left 
side of this optional 
chain operation does 
not include 'null' or 
'undefined' in its 
type, therefore the 
'?.' operator can be 
replaced with the '.' 
operator.[0m 
[1m[35m[plugin 
angular-compiler][0m

    src/app/modules/cli
entes/cliente-detalle-m
odal/cliente-detalle-mo
dal.component.ts:97:47:
[37m      97 Ôöé ...  
         <div 
class="valor">{{ client
e?.[32mcuitCuil[37m 
|| '-' }}</div>
         ÔòÁ           
                       
            
[32m~~~~~~~~[0m


[33mÔû▓ [43;33m[[43;
30mWARNING[43;33m][0m
 [1mNG8107: The left 
side of this optional 
chain operation does 
not include 'null' or 
'undefined' in its 
type, therefore the 
'?.' operator can be 
replaced with the '.' 
operator.[0m 
[1m[35m[plugin 
angular-compiler][0m

    src/app/modules/cli
entes/cliente-detalle-m
odal/cliente-detalle-mo
dal.component.ts:113:47
:
[37m      113 Ôöé ... 
         <div 
class="valor">{{ client
e?.[32mtelefono[37m 
|| '-' }}</div>
          ÔòÁ          
                       
            
[32m~~~~~~~~[0m


[33mÔû▓ [43;33m[[43;
30mWARNING[43;33m][0m
 [1mNG8107: The left 
side of this optional 
chain operation does 
not include 'null' or 
'undefined' in its 
type, therefore the 
'?.' operator can be 
replaced with the '.' 
operator.[0m 
[1m[35m[plugin 
angular-compiler][0m

    src/app/modules/cli
entes/cliente-detalle-m
odal/cliente-detalle-mo
dal.component.ts:117:47
:
[37m      117 Ôöé     
            <div 
class="valor">{{ client
e?.[32memail[37m || 
'-' }}</div>
          ÔòÁ          
                       
               
[32m~~~~~[0m


[33mÔû▓ [43;33m[[43;
30mWARNING[43;33m][0m
 [1mNG8107: The left 
side of this optional 
chain operation does 
not include 'null' or 
'undefined' in its 
type, therefore the 
'?.' operator can be 
replaced with the '.' 
operator.[0m 
[1m[35m[plugin 
angular-compiler][0m

    src/app/modules/cli
entes/cliente-detalle-m
odal/cliente-detalle-mo
dal.component.ts:134:47
:
[37m      134 Ôöé     
            <div 
class="valor">{{ client
e?.[32mdireccion[37m 
}}</div>
          ÔòÁ          
                       
               
[32m~~~~~~~~~[0m


[33mÔû▓ [43;33m[[43;
30mWARNING[43;33m][0m
 [1mNG8107: The left 
side of this optional 
chain operation does 
not include 'null' or 
'undefined' in its 
type, therefore the 
'?.' operator can be 
replaced with the '.' 
operator.[0m 
[1m[35m[plugin 
angular-compiler][0m

    src/app/modules/cli
entes/cliente-detalle-m
odal/cliente-detalle-mo
dal.component.ts:138:47
:
[37m      138 Ôöé     
            <div 
class="valor">{{ client
e?.[32mcodigoPostal[3
7m }}</div>
          ÔòÁ          
                       
               
[32m~~~~~~~~~~~~[0m


[33mÔû▓ [43;33m[[43;
30mWARNING[43;33m][0m
 [1mNG8107: The left 
side of this optional 
chain operation does 
not include 'null' or 
'undefined' in its 
type, therefore the 
'?.' operator can be 
replaced with the '.' 
operator.[0m 
[1m[35m[plugin 
angular-compiler][0m

    src/app/modules/cli
entes/cliente-detalle-m
odal/cliente-detalle-mo
dal.component.ts:163:62
:
[37m      163 Ôöé 
...<div 
class="valor">{{ format
earFecha(cliente?.[32m
fechaAlta[37m) 
}}</div>
          ÔòÁ          
                       
                 
[32m~~~~~~~~~[0m


[33mÔû▓ [43;33m[[43;
30mWARNING[43;33m][0m
 [1mNG8107: The left 
side of this optional 
chain operation does 
not include 'null' or 
'undefined' in its 
type, therefore the 
'?.' operator can be 
replaced with the '.' 
operator.[0m 
[1m[35m[plugin 
angular-compiler][0m

    src/app/modules/cli
entes/cliente-detalle-m
odal/cliente-detalle-mo
dal.component.ts:181:26
:
[37m      181 Ôöé     
          {{ cliente?.
[32mobservaciones[37m 
}}
          ÔòÁ          
                 
[32m~~~~~~~~~~~~~[0m

[39m[22m
[1m[31m[31mX [41;31
m[[41;97mERROR[41;31m
][0m [1mTS2307: 
Cannot find module 
'ng2-charts' or its 
corresponding type 
declarations.[0m 
[1m[35m[plugin 
angular-compiler][0m

    src/app/modules/rep
ortes/components/provee
dores/reporte-proveedor
es.component.ts:4:31:
[37m      4 Ôöé 
import { 
NgChartsModule } from 
[32m'ng2-charts'[37m;
        ÔòÁ            
                    
[32m~~~~~~~~~~~~[0m


[31mX [41;31m[[41;97
mERROR[41;31m][0m 
[1mTS2307: Cannot 
find module 'chartjs-pl
ugin-datalabels' or 
its corresponding type 
declarations.[0m 
[1m[35m[plugin 
angular-compiler][0m

    src/app/modules/rep
ortes/components/provee
dores/reporte-proveedor
es.component.ts:6:29:
[37m      6 Ôöé 
import 
DataLabelsPlugin from 
[32m'chartjs-plugin-dat
alabels'[37m;
        ÔòÁ            
                  [32m
~~~~~~~~~~~~~~~~~~~~~~~
~~~~[0m


[31mX [41;31m[[41;97
mERROR[41;31m][0m 
[1mNG1010: 'imports' 
must be an array of 
components, 
directives, pipes, or 
NgModules.
  Value could not be 
determined 
statically.[0m 
[1m[35m[plugin 
angular-compiler][0m

    src/app/modules/rep
ortes/components/provee
dores/reporte-proveedor
es.component.ts:13:62:
[37m      13 Ôöé ... 
[CommonModule, 
FormsModule, 
ReactiveFormsModule, [
32mNgChartsModule[37m]
,
         ÔòÁ           
                       
                    
[32m~~~~~~~~~~~~~~[0m

  Unknown reference.

    src/app/modules/rep
ortes/components/provee
dores/reporte-proveedor
es.component.ts:13:62:
[37m      13 Ôöé ... 
[CommonModule, 
FormsModule, 
ReactiveFormsModule, [
32mNgChartsModule[37m]
,
         ÔòÁ           
                       
                    
[32m~~~~~~~~~~~~~~[0m


[31mX [41;31m[[41;97
mERROR[41;31m][0m 
[1mTS2353: Object 
literal may only 
specify known 
properties, and 
'datalabels' does not 
exist in type '_DeepPar
tialObject<PluginOption
sByType<keyof ChartType
Registry>>'.[0m 
[1m[35m[plugin 
angular-compiler][0m

    src/app/modules/rep
ortes/components/provee
dores/reporte-proveedor
es.component.ts:41:12:
[37m      41 Ôöé      
       
[32mdatalabels[37m: {
         ÔòÁ           
  [32m~~~~~~~~~~[0m


[31mX [41;31m[[41;97
mERROR[41;31m][0m 
[1mTS7006: Parameter 
'value' implicitly has 
an 'any' type.[0m 
[1m[35m[plugin 
angular-compiler][0m

    src/app/modules/rep
ortes/components/provee
dores/reporte-proveedor
es.component.ts:43:28:
[37m      43 Ôöé      
           formatter: 
([32mvalue[37m, ctx) 
=> {
         ÔòÁ           
                  
[32m~~~~~[0m


[31mX [41;31m[[41;97
mERROR[41;31m][0m 
[1mTS7006: Parameter 
'ctx' implicitly has 
an 'any' type.[0m 
[1m[35m[plugin 
angular-compiler][0m

    src/app/modules/rep
ortes/components/provee
dores/reporte-proveedor
es.component.ts:43:35:
[37m      43 Ôöé      
           formatter: 
(value, [32mctx[37m) 
=> {
         ÔòÁ           
                       
  [32m~~~[0m


[31mX [41;31m[[41;97
mERROR[41;31m][0m 
[1mTS7006: Parameter 
'data' implicitly has 
an 'any' type.[0m 
[1m[35m[plugin 
angular-compiler][0m

    src/app/modules/rep
ortes/components/provee
dores/reporte-proveedor
es.component.ts:46:32:
[37m      46 Ôöé      
               dataArr.
map([32mdata[37m => {
         ÔòÁ           
                      
[32m~~~~[0m


[31mX [41;31m[[41;97
mERROR[41;31m][0m 
[1mTS2353: Object 
literal may only 
specify known 
properties, and 
'datalabels' does not 
exist in type '_DeepPar
tialObject<PluginOption
sByType<keyof ChartType
Registry>>'.[0m 
[1m[35m[plugin 
angular-compiler][0m

    src/app/modules/rep
ortes/components/provee
dores/reporte-proveedor
es.component.ts:73:12:
[37m      73 Ôöé      
       
[32mdatalabels[37m: {
         ÔòÁ           
  [32m~~~~~~~~~~[0m


[31mX [41;31m[[41;97
mERROR[41;31m][0m 
[1mTS7006: Parameter 
'val' implicitly has 
an 'any' type.[0m 
[1m[35m[plugin 
angular-compiler][0m

    src/app/modules/rep
ortes/components/provee
dores/reporte-proveedor
es.component.ts:77:28:
[37m      77 Ôöé      
           formatter: 
([32mval[37m) => val 
> 0 ? val : ''
         ÔòÁ           
                  
[32m~~~[0m

[39m[22m
